

    [x]-[C]


You are now at: Goose Hell.
There is nothing here.

>> EAST
You move east, to Goose Heaven.

The Galactic patroller is trying to catch you!
Oh no, you've been caught!
========= GAME OVER =========