

    [x]-[C]


You are now at: Goose Hell.
There is nothing here.

>> EAST
You move east, to Goose Heaven.

The Galactic patroller is trying to catch you!
But your presence still terrifies them...


[ ]-[x]


You are now at: Goose Heaven.
The Galactic patroller is aiming is gun at you

>> HONK
You sneak up behind your quarry and honk with all the force of a really angry airhorn! HONK!
The Galactic patroller is spooked! They flee immediately!

None can stand against the power of the goose!
========= V I C T O R Y =========